Using pre-set license
Built from '2020.3/release' branch; Version is '2020.3.15f2 (6cf78cb77498) revision 7141260'; Using compiler version '192528614'; Build Type 'Release'
OS: 'Windows 10 Home; OS build 26200.8457; Version 2009; 64bit' Language: 'en' Physical Memory: 65421 MB
BatchMode: 1, IsHumanControllingUs: 0, StartBugReporterOnCrash: 0, Is64bit: 1, IsPro: 0

 COMMAND LINE ARGUMENTS:
C:\Program Files\Unity\Hub\Editor\2020.3.15f2\Editor\Unity.exe
-adb2
-batchMode
-noUpm
-name
AssetImportWorker1
-projectPath
C:/Users/darri/Hackerbot Alpha Attack
-logFile
Logs/AssetImportWorker1.log
-srvPort
65285
Successfully changed project path to: C:/Users/darri/Hackerbot Alpha Attack
C:/Users/darri/Hackerbot Alpha Attack
Using Asset Import Pipeline V2.
Refreshing native plugins compatible for Editor in 54.59 ms, found 3 plugins.
Preloading 0 native plugins for Editor in 0.00 ms.
Initialize engine version: 2020.3.15f2 (6cf78cb77498)
[Subsystems] Discovering subsystems at path C:/Program Files/Unity/Hub/Editor/2020.3.15f2/Editor/Data/Resources/UnitySubsystems
[Subsystems] Discovering subsystems at path C:/Users/darri/Hackerbot Alpha Attack/Assets
GfxDevice: creating device client; threaded=0
Direct3D:
    Version:  Direct3D 11.0 [level 11.1]
    Renderer: NVIDIA GeForce RTX 3080 (ID=0x2216)
    Vendor:   
    VRAM:     10053 MB
    Driver:   32.0.15.9186
Initialize mono
Mono path[0] = 'C:/Program Files/Unity/Hub/Editor/2020.3.15f2/Editor/Data/Managed'
Mono path[1] = 'C:/Program Files/Unity/Hub/Editor/2020.3.15f2/Editor/Data/MonoBleedingEdge/lib/mono/unityjit'
Mono config path = 'C:/Program Files/Unity/Hub/Editor/2020.3.15f2/Editor/Data/MonoBleedingEdge/etc'
Using monoOptions --debugger-agent=transport=dt_socket,embedding=1,server=y,suspend=n,address=127.0.0.1:56652
Begin MonoManager ReloadAssembly
Registering precompiled unity dll's ...
Register platform support module: C:/Program Files/Unity/Hub/Editor/2020.3.15f2/Editor/Data/PlaybackEngines/WindowsStandaloneSupport/UnityEditor.WindowsStandalone.Extensions.dll
Registered in 0.001753 seconds.
Native extension for WindowsStandalone target not found
Refreshing native plugins compatible for Editor in 47.93 ms, found 3 plugins.
Preloading 0 native plugins for Editor in 0.00 ms.
Mono: successfully reloaded assembly
- Completed reload, in  0.913 seconds
Domain Reload Profiling:
	ReloadAssembly (913ms)
		BeginReloadAssembly (42ms)
			ExecutionOrderSort (0ms)
			DisableScriptedObjects (0ms)
			BackupInstance (0ms)
			ReleaseScriptingObjects (0ms)
			CreateAndSetChildDomain (1ms)
		EndReloadAssembly (314ms)
			LoadAssemblies (40ms)
			RebuildTransferFunctionScriptingTraits (0ms)
			SetupTypeCache (104ms)
			ReleaseScriptCaches (0ms)
			RebuildScriptCaches (20ms)
			SetupLoadedEditorAssemblies (142ms)
				LogAssemblyErrors (0ms)
				InitializePlatformSupportModulesInManaged (3ms)
				SetLoadedEditorAssemblies (0ms)
				RefreshPlugins (48ms)
				BeforeProcessingInitializeOnLoad (8ms)
				ProcessInitializeOnLoadAttributes (61ms)
				ProcessInitializeOnLoadMethodAttributes (21ms)
				AfterProcessingInitializeOnLoad (0ms)
				EditorAssembliesLoaded (0ms)
			ExecutionOrderSort2 (0ms)
			AwakeInstancesAfterBackupRestoration (0ms)
Platform modules already initialized, skipping
Registering precompiled user dll's ...
Registered in 0.005174 seconds.
Begin MonoManager ReloadAssembly
Native extension for WindowsStandalone target not found
Refreshing native plugins compatible for Editor in 46.57 ms, found 3 plugins.
Preloading 0 native plugins for Editor in 0.00 ms.
Mono: successfully reloaded assembly
- Completed reload, in  1.735 seconds
Domain Reload Profiling:
	ReloadAssembly (1743ms)
		BeginReloadAssembly (109ms)
			ExecutionOrderSort (0ms)
			DisableScriptedObjects (3ms)
			BackupInstance (0ms)
			ReleaseScriptingObjects (0ms)
			CreateAndSetChildDomain (17ms)
		EndReloadAssembly (1587ms)
			LoadAssemblies (71ms)
			RebuildTransferFunctionScriptingTraits (0ms)
			SetupTypeCache (716ms)
			ReleaseScriptCaches (1ms)
			RebuildScriptCaches (33ms)
			SetupLoadedEditorAssemblies (677ms)
				LogAssemblyErrors (0ms)
				InitializePlatformSupportModulesInManaged (3ms)
				SetLoadedEditorAssemblies (0ms)
				RefreshPlugins (47ms)
				BeforeProcessingInitializeOnLoad (72ms)
				ProcessInitializeOnLoadAttributes (539ms)
				ProcessInitializeOnLoadMethodAttributes (10ms)
				AfterProcessingInitializeOnLoad (7ms)
				EditorAssembliesLoaded (0ms)
			ExecutionOrderSort2 (0ms)
			AwakeInstancesAfterBackupRestoration (4ms)
Platform modules already initialized, skipping
========================================================================
Worker process is ready to serve import requests
Launched and connected shader compiler UnityShaderCompiler.exe after 0.03 seconds
Refreshing native plugins compatible for Editor in 1.17 ms, found 3 plugins.
Preloading 0 native plugins for Editor in 0.00 ms.
Unloading 2468 Unused Serialized files (Serialized files now loaded: 0)
System memory in use before: 109.3 MB.
System memory in use after: 109.5 MB.

Unloading 30 unused Assets to reduce memory usage. Loaded Objects now: 2910.
Total: 4.883500 ms (FindLiveObjects: 0.261600 ms CreateObjectMapping: 0.095600 ms MarkObjects: 4.311300 ms  DeleteObjects: 0.213900 ms)

AssetImportParameters requested are different than current active one (requested -> active):
  custom:framework-win-MediaFoundation: 216162199b28c13a410421893ffa2e32 -> 
  custom:video-decoder-ogg-theora: a1e56fd34408186e4bbccfd4996cb3dc -> 
  custom:container-muxer-webm: aa71ff27fc2769a1b78a27578f13a17b -> 
  custom:container-demuxer-webm: 4f35f7cbe854078d1ac9338744f61a02 -> 
  custom:container-demuxer-ogg: 62fdf1f143b41e24485cea50d1cbac27 -> 
  custom:video-encoder-webm-vp8: eb34c28f22e8b96e1ab97ce403110664 -> 
  custom:video-codec-MediaFoundation-h265: 746d11721c4dcdbdad8f713fa42b33f4 -> 
  custom:video-decoder-webm-vp8: 9c59270c3fd7afecdb556c50c9e8de78 -> 
  custom:audio-decoder-ogg-vorbis: bf7c407c2cedff20999df2af8eb42d56 -> 
  custom:audio-encoder-webm-vorbis: bf7c407c2cedff20999df2af8eb42d56 -> 
========================================================================
Received Import Request.
  path: Assets/Charcaters/Gambolt/Jolts/Voices/Hit-03.ogg
  artifactKey: Guid(de2e7df44cd128249867d8a9000efc59) Importer(815301076,1909f56bfc062723c751e8b465ee728b)
Start importing Assets/Charcaters/Gambolt/Jolts/Voices/Hit-03.ogg using Guid(de2e7df44cd128249867d8a9000efc59) Importer(815301076,1909f56bfc062723c751e8b465ee728b)  -> (artifact id: 'e35cd342f54d13b9c145e30ea5e92c00') in 0.150911 seconds 
  Import took 0.154971 seconds .

========================================================================
Received Import Request.
  Time since last request: 0.000202 seconds.
  path: Assets/Charcaters/Gambolt/Jolts/Voices/Special-02.ogg
  artifactKey: Guid(c384f24a5f17a4541809e96806704ddb) Importer(815301076,1909f56bfc062723c751e8b465ee728b)
Start importing Assets/Charcaters/Gambolt/Jolts/Voices/Special-02.ogg using Guid(c384f24a5f17a4541809e96806704ddb) Importer(815301076,1909f56bfc062723c751e8b465ee728b)  -> (artifact id: '81460d9c0030e71b6a56e945fbc9c1d5') in 0.022648 seconds 
  Import took 0.026476 seconds .

========================================================================
Received Import Request.
  Time since last request: 0.000185 seconds.
  path: Assets/Charcaters/Gambolt/Jolts/Voices/Taunt-01.ogg
  artifactKey: Guid(1da2aa607b0a86649a86d8a81acdbfdf) Importer(815301076,1909f56bfc062723c751e8b465ee728b)
Start importing Assets/Charcaters/Gambolt/Jolts/Voices/Taunt-01.ogg using Guid(1da2aa607b0a86649a86d8a81acdbfdf) Importer(815301076,1909f56bfc062723c751e8b465ee728b)  -> (artifact id: 'e1ae0d66f230a866b53162ddc62ae72c') in 0.020844 seconds 
  Import took 0.024318 seconds .

========================================================================
Received Import Request.
  Time since last request: 0.000180 seconds.
  path: Assets/Charcaters/Gambolt/Jolts/Voices/Special-03.ogg
  artifactKey: Guid(50ea5bdc9a5bee64cbfde152516f744f) Importer(815301076,1909f56bfc062723c751e8b465ee728b)
Start importing Assets/Charcaters/Gambolt/Jolts/Voices/Special-03.ogg using Guid(50ea5bdc9a5bee64cbfde152516f744f) Importer(815301076,1909f56bfc062723c751e8b465ee728b)  -> (artifact id: '485567a1a32444ffdd842fe7ae60b29f') in 0.018556 seconds 
  Import took 0.022191 seconds .

========================================================================
Received Import Request.
  Time since last request: 0.000176 seconds.
  path: Assets/Charcaters/Gambolt/Jolts/Voices/Special-01.ogg
  artifactKey: Guid(152fb90e8d273084f82dd414cb75fd84) Importer(815301076,1909f56bfc062723c751e8b465ee728b)
Start importing Assets/Charcaters/Gambolt/Jolts/Voices/Special-01.ogg using Guid(152fb90e8d273084f82dd414cb75fd84) Importer(815301076,1909f56bfc062723c751e8b465ee728b)  -> (artifact id: 'd43824cc99cb475b5f99e9c8b9e497fa') in 0.021920 seconds 
  Import took 0.026154 seconds .

========================================================================
Received Import Request.
  Time since last request: 0.000171 seconds.
  path: Assets/Charcaters/Gambolt/Jolts/Voices/Victory-01.ogg
  artifactKey: Guid(b167ae6adfd3f544ab9d7f9eadae954b) Importer(815301076,1909f56bfc062723c751e8b465ee728b)
Start importing Assets/Charcaters/Gambolt/Jolts/Voices/Victory-01.ogg using Guid(b167ae6adfd3f544ab9d7f9eadae954b) Importer(815301076,1909f56bfc062723c751e8b465ee728b)  -> (artifact id: 'fb795de121e52b073ee54bcb9166dc3c') in 0.021884 seconds 
  Import took 0.026092 seconds .

========================================================================
Received Import Request.
  Time since last request: 0.000184 seconds.
  path: Assets/Charcaters/Gambolt/Jolts/Voices/Hit-02.ogg
  artifactKey: Guid(cc1557d87ce647442ae4c4ea857b9a2d) Importer(815301076,1909f56bfc062723c751e8b465ee728b)
Start importing Assets/Charcaters/Gambolt/Jolts/Voices/Hit-02.ogg using Guid(cc1557d87ce647442ae4c4ea857b9a2d) Importer(815301076,1909f56bfc062723c751e8b465ee728b)  -> (artifact id: '1015e4ef698d06d31560a477bb603ba0') in 0.025306 seconds 
  Import took 0.029797 seconds .

========================================================================
Received Import Request.
  Time since last request: 0.000200 seconds.
  path: Assets/Charcaters/Gambolt/Jolts/Voices/Hit-01.ogg
  artifactKey: Guid(b58fa01386505c444a04507a45d34b3e) Importer(815301076,1909f56bfc062723c751e8b465ee728b)
Start importing Assets/Charcaters/Gambolt/Jolts/Voices/Hit-01.ogg using Guid(b58fa01386505c444a04507a45d34b3e) Importer(815301076,1909f56bfc062723c751e8b465ee728b)  -> (artifact id: 'c2cf099df513370000473fd4fc258f09') in 0.020826 seconds 
  Import took 0.024544 seconds .

========================================================================
Received Import Request.
  Time since last request: 0.000176 seconds.
  path: Assets/Charcaters/Gambolt/Jolts/Voices/Death-01.ogg
  artifactKey: Guid(315640ebbf189d149a8ab07a76e860c8) Importer(815301076,1909f56bfc062723c751e8b465ee728b)
Start importing Assets/Charcaters/Gambolt/Jolts/Voices/Death-01.ogg using Guid(315640ebbf189d149a8ab07a76e860c8) Importer(815301076,1909f56bfc062723c751e8b465ee728b)  -> (artifact id: 'af3b55c234cd75e02b48771c39bd8eed') in 0.020655 seconds 
  Import took 0.024263 seconds .

========================================================================
Received Prepare
Registering precompiled user dll's ...
Registered in 0.103261 seconds.
Begin MonoManager ReloadAssembly
Native extension for WindowsStandalone target not found
Refreshing native plugins compatible for Editor in 1.85 ms, found 3 plugins.
Preloading 0 native plugins for Editor in 0.00 ms.
Mono: successfully reloaded assembly
- Completed reload, in  1.391 seconds
Domain Reload Profiling:
	ReloadAssembly (1393ms)
		BeginReloadAssembly (163ms)
			ExecutionOrderSort (0ms)
			DisableScriptedObjects (12ms)
			BackupInstance (0ms)
			ReleaseScriptingObjects (0ms)
			CreateAndSetChildDomain (70ms)
		EndReloadAssembly (1168ms)
			LoadAssemblies (89ms)
			RebuildTransferFunctionScriptingTraits (0ms)
			SetupTypeCache (280ms)
			ReleaseScriptCaches (1ms)
			RebuildScriptCaches (40ms)
			SetupLoadedEditorAssemblies (643ms)
				LogAssemblyErrors (0ms)
				InitializePlatformSupportModulesInManaged (5ms)
				SetLoadedEditorAssemblies (0ms)
				RefreshPlugins (2ms)
				BeforeProcessingInitializeOnLoad (96ms)
				ProcessInitializeOnLoadAttributes (526ms)
				ProcessInitializeOnLoadMethodAttributes (5ms)
				AfterProcessingInitializeOnLoad (8ms)
				EditorAssembliesLoaded (0ms)
			ExecutionOrderSort2 (0ms)
			AwakeInstancesAfterBackupRestoration (8ms)
Platform modules already initialized, skipping
Refreshing native plugins compatible for Editor in 0.84 ms, found 3 plugins.
Preloading 0 native plugins for Editor in 0.00 ms.
Unloading 2456 Unused Serialized files (Serialized files now loaded: 0)
System memory in use before: 111.9 MB.
System memory in use after: 112.1 MB.

Unloading 17 unused Assets to reduce memory usage. Loaded Objects now: 2922.
Total: 2.969400 ms (FindLiveObjects: 0.263100 ms CreateObjectMapping: 0.089600 ms MarkObjects: 2.543100 ms  DeleteObjects: 0.072900 ms)

AssetImportParameters requested are different than current active one (requested -> active):
  custom:framework-win-MediaFoundation: 216162199b28c13a410421893ffa2e32 -> 
  custom:video-decoder-ogg-theora: a1e56fd34408186e4bbccfd4996cb3dc -> 
  custom:container-muxer-webm: aa71ff27fc2769a1b78a27578f13a17b -> 
  custom:container-demuxer-webm: 4f35f7cbe854078d1ac9338744f61a02 -> 
  custom:container-demuxer-ogg: 62fdf1f143b41e24485cea50d1cbac27 -> 
  custom:video-encoder-webm-vp8: eb34c28f22e8b96e1ab97ce403110664 -> 
  custom:video-codec-MediaFoundation-h265: 746d11721c4dcdbdad8f713fa42b33f4 -> 
  custom:video-decoder-webm-vp8: 9c59270c3fd7afecdb556c50c9e8de78 -> 
  custom:audio-decoder-ogg-vorbis: bf7c407c2cedff20999df2af8eb42d56 -> 
  custom:audio-encoder-webm-vorbis: bf7c407c2cedff20999df2af8eb42d56 -> 
========================================================================
Received Prepare
Registering precompiled user dll's ...
Registered in 0.004913 seconds.
Begin MonoManager ReloadAssembly
Native extension for WindowsStandalone target not found
Refreshing native plugins compatible for Editor in 0.98 ms, found 3 plugins.
Preloading 0 native plugins for Editor in 0.00 ms.
Mono: successfully reloaded assembly
- Completed reload, in  0.783 seconds
Domain Reload Profiling:
	ReloadAssembly (783ms)
		BeginReloadAssembly (92ms)
			ExecutionOrderSort (0ms)
			DisableScriptedObjects (5ms)
			BackupInstance (0ms)
			ReleaseScriptingObjects (0ms)
			CreateAndSetChildDomain (29ms)
		EndReloadAssembly (644ms)
			LoadAssemblies (69ms)
			RebuildTransferFunctionScriptingTraits (0ms)
			SetupTypeCache (193ms)
			ReleaseScriptCaches (1ms)
			RebuildScriptCaches (26ms)
			SetupLoadedEditorAssemblies (286ms)
				LogAssemblyErrors (0ms)
				InitializePlatformSupportModulesInManaged (3ms)
				SetLoadedEditorAssemblies (0ms)
				RefreshPlugins (1ms)
				BeforeProcessingInitializeOnLoad (72ms)
				ProcessInitializeOnLoadAttributes (199ms)
				ProcessInitializeOnLoadMethodAttributes (4ms)
				AfterProcessingInitializeOnLoad (6ms)
				EditorAssembliesLoaded (0ms)
			ExecutionOrderSort2 (0ms)
			AwakeInstancesAfterBackupRestoration (7ms)
Platform modules already initialized, skipping
Refreshing native plugins compatible for Editor in 0.69 ms, found 3 plugins.
Preloading 0 native plugins for Editor in 0.00 ms.
Unloading 2456 Unused Serialized files (Serialized files now loaded: 0)
System memory in use before: 111.9 MB.
System memory in use after: 112.1 MB.

Unloading 17 unused Assets to reduce memory usage. Loaded Objects now: 2925.
Total: 2.439200 ms (FindLiveObjects: 0.287000 ms CreateObjectMapping: 0.089600 ms MarkObjects: 2.041200 ms  DeleteObjects: 0.020300 ms)

AssetImportParameters requested are different than current active one (requested -> active):
  custom:framework-win-MediaFoundation: 216162199b28c13a410421893ffa2e32 -> 
  custom:video-decoder-ogg-theora: a1e56fd34408186e4bbccfd4996cb3dc -> 
  custom:container-muxer-webm: aa71ff27fc2769a1b78a27578f13a17b -> 
  custom:container-demuxer-webm: 4f35f7cbe854078d1ac9338744f61a02 -> 
  custom:container-demuxer-ogg: 62fdf1f143b41e24485cea50d1cbac27 -> 
  custom:video-encoder-webm-vp8: eb34c28f22e8b96e1ab97ce403110664 -> 
  custom:video-codec-MediaFoundation-h265: 746d11721c4dcdbdad8f713fa42b33f4 -> 
  custom:video-decoder-webm-vp8: 9c59270c3fd7afecdb556c50c9e8de78 -> 
  custom:audio-decoder-ogg-vorbis: bf7c407c2cedff20999df2af8eb42d56 -> 
  custom:audio-encoder-webm-vorbis: bf7c407c2cedff20999df2af8eb42d56 -> 
